// Jest Snapshot v1, https://goo.gl/fbAQLP

exports[`ToDoItem.vue matches snapshot 1`] = `
<div class="todo-item">
  <input type="checkbox"> <span class="todo-text"> Think real hard about whats for lunch </span> <span class="timeago"> 3 seconds ago </span>
  <button class="remove"> X </button>
</div>
`;
